// Jest Snapshot v1, https://goo.gl/fbAQLP

exports[`renders correctly when there are no items 1`] = `
Array [
  <img
    alt="image"
    src="glasses.jpg"
  />,
  <img
    alt="image"
    src="setup.jpg"
  />,
  <img
    alt="image"
    src="shoes.jpg"
  />,
  <img
    alt="image"
    src="sterhoscope.jpg"
  />,
  <img
    alt="image"
    src="supplements.jpg"
  />,
  <img
    alt="image"
    src="selfCare.jpg"
  />,
  <img
    alt="image"
    src="dumbbell.jpg"
  />,
  <img
    alt="image"
    src="glasses.jpg"
  />,
  <img
    alt="image"
    src="setup.jpg"
  />,
  <img
    alt="image"
    src="shoes.jpg"
  />,
  <img
    alt="image"
    src="sterhoscope.jpg"
  />,
  <img
    alt="image"
    src="supplements.jpg"
  />,
  <img
    alt="image"
    src="selfCare.jpg"
  />,
  <img
    alt="image"
    src="dumbbell.jpg"
  />,
  <img
    alt="image"
    src="glasses.jpg"
  />,
  <img
    alt="image"
    src="setup.jpg"
  />,
  <img
    alt="image"
    src="shoes.jpg"
  />,
  <img
    alt="image"
    src="sterhoscope.jpg"
  />,
  <img
    alt="image"
    src="supplements.jpg"
  />,
  <img
    alt="image"
    src="selfCare.jpg"
  />,
]
`;
