// Jest Snapshot v1, https://goo.gl/fbAQLP

exports[`renders correctly when there are no items 1`] = `
Array [
  <img
    alt="image"
    src="https://fgl.scene7.com/is/image/FGLSportsLtd/FGL_332762662_10_a-Nike-Womens-Air-Precision-II-Basketball-Shoes-White-Black-AA7069-100?bgColor=0,0,0,0&fmt=png-alpha&hei=528&resMode=sharp&qlt=85,1&op_sharpen=1"
  />,
  <img
    alt="image"
    src="https://fgl.scene7.com/is/image/FGLSportsLtd/FGL_332979914_01_a?wid=800&hei=800&bgColor=0,0,0,0&fmt=png-alpha&resMode=sharp2&op_sharpen=1"
  />,
  <img
    alt="image"
    src="https://fgl.scene7.com/is/image/FGLSportsLtd/FGL_332654173_01_a-Nike-Mens-Flex-Control-3-Training-Shoes-Black-Anthracite-AJ5911-002?wid=800&hei=800&bgColor=0,0,0,0&fmt=png-alpha&resMode=sharp2&op_sharpen=1"
  />,
  <img
    alt="image"
    src="https://fgl.scene7.com/is/image/FGLSportsLtd/FGL_332762662_10_a-Nike-Womens-Air-Precision-II-Basketball-Shoes-White-Black-AA7069-100?bgColor=0,0,0,0&fmt=png-alpha&hei=528&resMode=sharp&qlt=85,1&op_sharpen=1"
  />,
  <img
    alt="image"
    src="https://fgl.scene7.com/is/image/FGLSportsLtd/FGL_332979914_01_a?wid=800&hei=800&bgColor=0,0,0,0&fmt=png-alpha&resMode=sharp2&op_sharpen=1"
  />,
  <img
    alt="image"
    src="https://fgl.scene7.com/is/image/FGLSportsLtd/FGL_332654173_01_a-Nike-Mens-Flex-Control-3-Training-Shoes-Black-Anthracite-AJ5911-002?wid=800&hei=800&bgColor=0,0,0,0&fmt=png-alpha&resMode=sharp2&op_sharpen=1"
  />,
  <img
    alt="image"
    src="https://fgl.scene7.com/is/image/FGLSportsLtd/FGL_332762662_10_a-Nike-Womens-Air-Precision-II-Basketball-Shoes-White-Black-AA7069-100?bgColor=0,0,0,0&fmt=png-alpha&hei=528&resMode=sharp&qlt=85,1&op_sharpen=1"
  />,
  <img
    alt="image"
    src="https://fgl.scene7.com/is/image/FGLSportsLtd/FGL_332762662_10_a-Nike-Womens-Air-Precision-II-Basketball-Shoes-White-Black-AA7069-100?bgColor=0,0,0,0&fmt=png-alpha&hei=528&resMode=sharp&qlt=85,1&op_sharpen=1"
  />,
  <img
    alt="image"
    src="https://fgl.scene7.com/is/image/FGLSportsLtd/FGL_332979914_01_a?wid=800&hei=800&bgColor=0,0,0,0&fmt=png-alpha&resMode=sharp2&op_sharpen=1"
  />,
  <img
    alt="image"
    src="https://fgl.scene7.com/is/image/FGLSportsLtd/FGL_332654173_01_a-Nike-Mens-Flex-Control-3-Training-Shoes-Black-Anthracite-AJ5911-002?wid=800&hei=800&bgColor=0,0,0,0&fmt=png-alpha&resMode=sharp2&op_sharpen=1"
  />,
  <img
    alt="image"
    src="https://fgl.scene7.com/is/image/FGLSportsLtd/FGL_332762662_10_a-Nike-Womens-Air-Precision-II-Basketball-Shoes-White-Black-AA7069-100?bgColor=0,0,0,0&fmt=png-alpha&hei=528&resMode=sharp&qlt=85,1&op_sharpen=1"
  />,
  <img
    alt="image"
    src="https://fgl.scene7.com/is/image/FGLSportsLtd/FGL_332979914_01_a?wid=800&hei=800&bgColor=0,0,0,0&fmt=png-alpha&resMode=sharp2&op_sharpen=1"
  />,
  <img
    alt="image"
    src="https://fgl.scene7.com/is/image/FGLSportsLtd/FGL_332654173_01_a-Nike-Mens-Flex-Control-3-Training-Shoes-Black-Anthracite-AJ5911-002?wid=800&hei=800&bgColor=0,0,0,0&fmt=png-alpha&resMode=sharp2&op_sharpen=1"
  />,
  <img
    alt="image"
    src="https://fgl.scene7.com/is/image/FGLSportsLtd/FGL_332762662_10_a-Nike-Womens-Air-Precision-II-Basketball-Shoes-White-Black-AA7069-100?bgColor=0,0,0,0&fmt=png-alpha&hei=528&resMode=sharp&qlt=85,1&op_sharpen=1"
  />,
  <img
    alt="image"
    src="https://fgl.scene7.com/is/image/FGLSportsLtd/FGL_332762662_10_a-Nike-Womens-Air-Precision-II-Basketball-Shoes-White-Black-AA7069-100?bgColor=0,0,0,0&fmt=png-alpha&hei=528&resMode=sharp&qlt=85,1&op_sharpen=1"
  />,
  <img
    alt="image"
    src="https://fgl.scene7.com/is/image/FGLSportsLtd/FGL_332979914_01_a?wid=800&hei=800&bgColor=0,0,0,0&fmt=png-alpha&resMode=sharp2&op_sharpen=1"
  />,
  <img
    alt="image"
    src="https://fgl.scene7.com/is/image/FGLSportsLtd/FGL_332654173_01_a-Nike-Mens-Flex-Control-3-Training-Shoes-Black-Anthracite-AJ5911-002?wid=800&hei=800&bgColor=0,0,0,0&fmt=png-alpha&resMode=sharp2&op_sharpen=1"
  />,
  <img
    alt="image"
    src="https://fgl.scene7.com/is/image/FGLSportsLtd/FGL_332762662_10_a-Nike-Womens-Air-Precision-II-Basketball-Shoes-White-Black-AA7069-100?bgColor=0,0,0,0&fmt=png-alpha&hei=528&resMode=sharp&qlt=85,1&op_sharpen=1"
  />,
  <img
    alt="image"
    src="https://fgl.scene7.com/is/image/FGLSportsLtd/FGL_332979914_01_a?wid=800&hei=800&bgColor=0,0,0,0&fmt=png-alpha&resMode=sharp2&op_sharpen=1"
  />,
  <img
    alt="image"
    src="https://fgl.scene7.com/is/image/FGLSportsLtd/FGL_332654173_01_a-Nike-Mens-Flex-Control-3-Training-Shoes-Black-Anthracite-AJ5911-002?wid=800&hei=800&bgColor=0,0,0,0&fmt=png-alpha&resMode=sharp2&op_sharpen=1"
  />,
  <img
    alt="image"
    src="https://fgl.scene7.com/is/image/FGLSportsLtd/FGL_332762662_10_a-Nike-Womens-Air-Precision-II-Basketball-Shoes-White-Black-AA7069-100?bgColor=0,0,0,0&fmt=png-alpha&hei=528&resMode=sharp&qlt=85,1&op_sharpen=1"
  />,
  <img
    alt="image"
    src="https://fgl.scene7.com/is/image/FGLSportsLtd/FGL_332762662_10_a-Nike-Womens-Air-Precision-II-Basketball-Shoes-White-Black-AA7069-100?bgColor=0,0,0,0&fmt=png-alpha&hei=528&resMode=sharp&qlt=85,1&op_sharpen=1"
  />,
  <img
    alt="image"
    src="https://fgl.scene7.com/is/image/FGLSportsLtd/FGL_332979914_01_a?wid=800&hei=800&bgColor=0,0,0,0&fmt=png-alpha&resMode=sharp2&op_sharpen=1"
  />,
  <img
    alt="image"
    src="https://fgl.scene7.com/is/image/FGLSportsLtd/FGL_332654173_01_a-Nike-Mens-Flex-Control-3-Training-Shoes-Black-Anthracite-AJ5911-002?wid=800&hei=800&bgColor=0,0,0,0&fmt=png-alpha&resMode=sharp2&op_sharpen=1"
  />,
  <img
    alt="image"
    src="https://fgl.scene7.com/is/image/FGLSportsLtd/FGL_332762662_10_a-Nike-Womens-Air-Precision-II-Basketball-Shoes-White-Black-AA7069-100?bgColor=0,0,0,0&fmt=png-alpha&hei=528&resMode=sharp&qlt=85,1&op_sharpen=1"
  />,
  <img
    alt="image"
    src="https://fgl.scene7.com/is/image/FGLSportsLtd/FGL_332979914_01_a?wid=800&hei=800&bgColor=0,0,0,0&fmt=png-alpha&resMode=sharp2&op_sharpen=1"
  />,
  <img
    alt="image"
    src="https://fgl.scene7.com/is/image/FGLSportsLtd/FGL_332654173_01_a-Nike-Mens-Flex-Control-3-Training-Shoes-Black-Anthracite-AJ5911-002?wid=800&hei=800&bgColor=0,0,0,0&fmt=png-alpha&resMode=sharp2&op_sharpen=1"
  />,
  <img
    alt="image"
    src="https://fgl.scene7.com/is/image/FGLSportsLtd/FGL_332762662_10_a-Nike-Womens-Air-Precision-II-Basketball-Shoes-White-Black-AA7069-100?bgColor=0,0,0,0&fmt=png-alpha&hei=528&resMode=sharp&qlt=85,1&op_sharpen=1"
  />,
  <img
    alt="image"
    src="https://fgl.scene7.com/is/image/FGLSportsLtd/FGL_332762662_10_a-Nike-Womens-Air-Precision-II-Basketball-Shoes-White-Black-AA7069-100?bgColor=0,0,0,0&fmt=png-alpha&hei=528&resMode=sharp&qlt=85,1&op_sharpen=1"
  />,
  <img
    alt="image"
    src="https://fgl.scene7.com/is/image/FGLSportsLtd/FGL_332979914_01_a?wid=800&hei=800&bgColor=0,0,0,0&fmt=png-alpha&resMode=sharp2&op_sharpen=1"
  />,
  <img
    alt="image"
    src="https://fgl.scene7.com/is/image/FGLSportsLtd/FGL_332654173_01_a-Nike-Mens-Flex-Control-3-Training-Shoes-Black-Anthracite-AJ5911-002?wid=800&hei=800&bgColor=0,0,0,0&fmt=png-alpha&resMode=sharp2&op_sharpen=1"
  />,
  <img
    alt="image"
    src="https://fgl.scene7.com/is/image/FGLSportsLtd/FGL_332762662_10_a-Nike-Womens-Air-Precision-II-Basketball-Shoes-White-Black-AA7069-100?bgColor=0,0,0,0&fmt=png-alpha&hei=528&resMode=sharp&qlt=85,1&op_sharpen=1"
  />,
  <img
    alt="image"
    src="https://fgl.scene7.com/is/image/FGLSportsLtd/FGL_332979914_01_a?wid=800&hei=800&bgColor=0,0,0,0&fmt=png-alpha&resMode=sharp2&op_sharpen=1"
  />,
  <img
    alt="image"
    src="https://fgl.scene7.com/is/image/FGLSportsLtd/FGL_332654173_01_a-Nike-Mens-Flex-Control-3-Training-Shoes-Black-Anthracite-AJ5911-002?wid=800&hei=800&bgColor=0,0,0,0&fmt=png-alpha&resMode=sharp2&op_sharpen=1"
  />,
  <img
    alt="image"
    src="https://fgl.scene7.com/is/image/FGLSportsLtd/FGL_332762662_10_a-Nike-Womens-Air-Precision-II-Basketball-Shoes-White-Black-AA7069-100?bgColor=0,0,0,0&fmt=png-alpha&hei=528&resMode=sharp&qlt=85,1&op_sharpen=1"
  />,
  <img
    alt="image"
    src="https://fgl.scene7.com/is/image/FGLSportsLtd/FGL_332762662_10_a-Nike-Womens-Air-Precision-II-Basketball-Shoes-White-Black-AA7069-100?bgColor=0,0,0,0&fmt=png-alpha&hei=528&resMode=sharp&qlt=85,1&op_sharpen=1"
  />,
  <img
    alt="image"
    src="https://fgl.scene7.com/is/image/FGLSportsLtd/FGL_332979914_01_a?wid=800&hei=800&bgColor=0,0,0,0&fmt=png-alpha&resMode=sharp2&op_sharpen=1"
  />,
  <img
    alt="image"
    src="https://fgl.scene7.com/is/image/FGLSportsLtd/FGL_332654173_01_a-Nike-Mens-Flex-Control-3-Training-Shoes-Black-Anthracite-AJ5911-002?wid=800&hei=800&bgColor=0,0,0,0&fmt=png-alpha&resMode=sharp2&op_sharpen=1"
  />,
  <img
    alt="image"
    src="https://fgl.scene7.com/is/image/FGLSportsLtd/FGL_332762662_10_a-Nike-Womens-Air-Precision-II-Basketball-Shoes-White-Black-AA7069-100?bgColor=0,0,0,0&fmt=png-alpha&hei=528&resMode=sharp&qlt=85,1&op_sharpen=1"
  />,
  <img
    alt="image"
    src="https://fgl.scene7.com/is/image/FGLSportsLtd/FGL_332979914_01_a?wid=800&hei=800&bgColor=0,0,0,0&fmt=png-alpha&resMode=sharp2&op_sharpen=1"
  />,
  <img
    alt="image"
    src="https://fgl.scene7.com/is/image/FGLSportsLtd/FGL_332654173_01_a-Nike-Mens-Flex-Control-3-Training-Shoes-Black-Anthracite-AJ5911-002?wid=800&hei=800&bgColor=0,0,0,0&fmt=png-alpha&resMode=sharp2&op_sharpen=1"
  />,
  <img
    alt="image"
    src="https://fgl.scene7.com/is/image/FGLSportsLtd/FGL_332762662_10_a-Nike-Womens-Air-Precision-II-Basketball-Shoes-White-Black-AA7069-100?bgColor=0,0,0,0&fmt=png-alpha&hei=528&resMode=sharp&qlt=85,1&op_sharpen=1"
  />,
]
`;
